#
# There is insufficient memory for the Java Runtime Environment to continue.
# Native memory allocation (malloc) failed to allocate 1126944 bytes for Chunk::new
# Possible reasons:
#   The system is out of physical RAM or swap space
#   The process is running with CompressedOops enabled, and the Java Heap may be blocking the growth of the native heap
# Possible solutions:
#   Reduce memory load on the system
#   Increase physical memory or swap space
#   Check if swap backing store is full
#   Decrease Java heap size (-Xmx/-Xms)
#   Decrease number of Java threads
#   Decrease Java thread stack sizes (-Xss)
#   Set larger code cache with -XX:ReservedCodeCacheSize=
#   JVM is running with Zero Based Compressed Oops mode in which the Java heap is
#     placed in the first 32GB address space. The Java Heap base address is the
#     maximum limit for the native heap growth. Please use -XX:HeapBaseMinAddress
#     to set the Java Heap base and to place the Java Heap above 32GB virtual address.
# This output file may be truncated or incomplete.
#
#  Out of Memory Error (arena.cpp:189), pid=29136, tid=14964
#
# JRE version: Java(TM) SE Runtime Environment (17.0.7+8) (build 17.0.7+8-LTS-224)
# Java VM: Java HotSpot(TM) 64-Bit Server VM (17.0.7+8-LTS-224, mixed mode, sharing, tiered, compressed oops, compressed class ptrs, g1 gc, windows-amd64)
# No core dump will be written. Minidumps are not enabled by default on client versions of Windows
#

---------------  S U M M A R Y ------------

Command Line: -Dclassworlds.conf=C:\apache-maven-3.9.0\bin\m2.conf -Dmaven.home=C:\apache-maven-3.9.0 -Dlibrary.jansi.path=C:\apache-maven-3.9.0\lib\jansi-native -Dmaven.multiModuleProjectDirectory=D:\Internal\social-marketing org.codehaus.plexus.classworlds.launcher.Launcher spring-boot:run

Host: AMD Ryzen 5 PRO 4650U with Radeon Graphics, 12 cores, 15G,  Windows 11 , 64 bit Build 26100 (10.0.26100.7019)
Time: Tue Dec  2 17:46:26 2025 SE Asia Standard Time elapsed time: 6.262940 seconds (0d 0h 0m 6s)

---------------  T H R E A D  ---------------

Current thread (0x00000280cc4978b0):  JavaThread "C2 CompilerThread2" daemon [_thread_in_native, id=14964, stack(0x000000d5c2d00000,0x000000d5c2e00000)]


Current CompileTask:
C2:   6263 5028       4       java.net.URLStreamHandler::parseURL (1201 bytes)

Stack: [0x000000d5c2d00000,0x000000d5c2e00000]
Native frames: (J=compiled Java code, j=interpreted, Vv=VM code, C=native code)
V  [jvm.dll+0x676a4a]
V  [jvm.dll+0x7d74f4]
V  [jvm.dll+0x7d8c9e]
V  [jvm.dll+0x7d9303]
V  [jvm.dll+0x2452c5]
V  [jvm.dll+0xaaa2b]
V  [jvm.dll+0xaafcc]
V  [jvm.dll+0x36141e]
V  [jvm.dll+0x1bb55a]
V  [jvm.dll+0x217c27]
V  [jvm.dll+0x216f01]
V  [jvm.dll+0x1a35e0]
V  [jvm.dll+0x226a6e]
V  [jvm.dll+0x224e15]
V  [jvm.dll+0x78d05c]
V  [jvm.dll+0x78759a]
V  [jvm.dll+0x675875]
C  [ucrtbase.dll+0x37b0]
C  [KERNEL32.DLL+0x2e8d7]
C  [ntdll.dll+0x8c53c]


---------------  P R O C E S S  ---------------

Threads class SMR info:
_java_thread_list=0x00000280cb5c4c60, length=14, elements={
0x00000280a66919c0, 0x00000280c9c032e0, 0x00000280c9c04800, 0x00000280c9c14650,
0x00000280c9c14f10, 0x00000280c9c16430, 0x00000280c9c180f0, 0x00000280c9c210a0,
0x00000280c9c22b50, 0x00000280c9c260c0, 0x00000280c9d78020, 0x00000280c9d92c00,
0x00000280ca55ea10, 0x00000280cc4978b0
}

Java Threads: ( => current thread )
  0x00000280a66919c0 JavaThread "main" [_thread_in_native, id=10036, stack(0x000000d5c1900000,0x000000d5c1a00000)]
  0x00000280c9c032e0 JavaThread "Reference Handler" daemon [_thread_blocked, id=14532, stack(0x000000d5c2000000,0x000000d5c2100000)]
  0x00000280c9c04800 JavaThread "Finalizer" daemon [_thread_blocked, id=27328, stack(0x000000d5c2100000,0x000000d5c2200000)]
  0x00000280c9c14650 JavaThread "Signal Dispatcher" daemon [_thread_blocked, id=4004, stack(0x000000d5c2200000,0x000000d5c2300000)]
  0x00000280c9c14f10 JavaThread "Attach Listener" daemon [_thread_blocked, id=5736, stack(0x000000d5c2300000,0x000000d5c2400000)]
  0x00000280c9c16430 JavaThread "Service Thread" daemon [_thread_blocked, id=15396, stack(0x000000d5c2400000,0x000000d5c2500000)]
  0x00000280c9c180f0 JavaThread "Monitor Deflation Thread" daemon [_thread_blocked, id=21584, stack(0x000000d5c2500000,0x000000d5c2600000)]
  0x00000280c9c210a0 JavaThread "C2 CompilerThread0" daemon [_thread_blocked, id=15292, stack(0x000000d5c2600000,0x000000d5c2700000)]
  0x00000280c9c22b50 JavaThread "C1 CompilerThread0" daemon [_thread_blocked, id=28600, stack(0x000000d5c2700000,0x000000d5c2800000)]
  0x00000280c9c260c0 JavaThread "Sweeper thread" daemon [_thread_blocked, id=1236, stack(0x000000d5c2800000,0x000000d5c2900000)]
  0x00000280c9d78020 JavaThread "Notification Thread" daemon [_thread_blocked, id=17776, stack(0x000000d5c2900000,0x000000d5c2a00000)]
  0x00000280c9d92c00 JavaThread "Common-Cleaner" daemon [_thread_blocked, id=29452, stack(0x000000d5c2b00000,0x000000d5c2c00000)]
  0x00000280ca55ea10 JavaThread "C2 CompilerThread1" daemon [_thread_blocked, id=13832, stack(0x000000d5c2c00000,0x000000d5c2d00000)]
=>0x00000280cc4978b0 JavaThread "C2 CompilerThread2" daemon [_thread_in_native, id=14964, stack(0x000000d5c2d00000,0x000000d5c2e00000)]

Other Threads:
  0x00000280c91c6570 VMThread "VM Thread" [stack: 0x000000d5c1f00000,0x000000d5c2000000] [id=10700]
  0x00000280c9d8a940 WatcherThread [stack: 0x000000d5c2a00000,0x000000d5c2b00000] [id=24372]
  0x00000280a66fdb90 GCTaskThread "GC Thread#0" [stack: 0x000000d5c1a00000,0x000000d5c1b00000] [id=27432]
  0x00000280ca7403e0 GCTaskThread "GC Thread#1" [stack: 0x000000d5c2e00000,0x000000d5c2f00000] [id=5900]
  0x00000280ca740690 GCTaskThread "GC Thread#2" [stack: 0x000000d5c2f00000,0x000000d5c3000000] [id=21312]
  0x00000280ca782a10 GCTaskThread "GC Thread#3" [stack: 0x000000d5c3000000,0x000000d5c3100000] [id=18084]
  0x00000280cac45940 GCTaskThread "GC Thread#4" [stack: 0x000000d5c3100000,0x000000d5c3200000] [id=3216]
  0x00000280ca62dba0 GCTaskThread "GC Thread#5" [stack: 0x000000d5c3200000,0x000000d5c3300000] [id=28540]
  0x00000280cae28590 GCTaskThread "GC Thread#6" [stack: 0x000000d5c3300000,0x000000d5c3400000] [id=17380]
  0x00000280ca6c0a10 GCTaskThread "GC Thread#7" [stack: 0x000000d5c3400000,0x000000d5c3500000] [id=26888]
  0x00000280cb009d30 GCTaskThread "GC Thread#8" [stack: 0x000000d5c3500000,0x000000d5c3600000] [id=13616]
  0x00000280caf91600 GCTaskThread "GC Thread#9" [stack: 0x000000d5c3600000,0x000000d5c3700000] [id=4828]
  0x00000280a672ad50 ConcurrentGCThread "G1 Main Marker" [stack: 0x000000d5c1b00000,0x000000d5c1c00000] [id=8768]
  0x00000280a672be00 ConcurrentGCThread "G1 Conc#0" [stack: 0x000000d5c1c00000,0x000000d5c1d00000] [id=22644]
  0x00000280c905fa90 ConcurrentGCThread "G1 Refine#0" [stack: 0x000000d5c1d00000,0x000000d5c1e00000] [id=22156]
  0x00000280c9061260 ConcurrentGCThread "G1 Service" [stack: 0x000000d5c1e00000,0x000000d5c1f00000] [id=12008]

Threads with active compile tasks:
C2 CompilerThread2     6332 5028       4       java.net.URLStreamHandler::parseURL (1201 bytes)

VM state: not at safepoint (normal execution)

VM Mutex/Monitor currently owned by a thread: None

Heap address: 0x000000070c600000, size: 3898 MB, Compressed Oops mode: Zero based, Oop shift amount: 3

CDS archive(s) mapped at: [0x0000000800000000-0x0000000800bd0000-0x0000000800bd0000), size 12386304, SharedBaseAddress: 0x0000000800000000, ArchiveRelocationMode: 0.
Compressed class space mapped at: 0x0000000800c00000-0x0000000840c00000, reserved size: 1073741824
Narrow klass base: 0x0000000800000000, Narrow klass shift: 0, Narrow klass range: 0x100000000

GC Precious Log:
 CPUs: 12 total, 12 available
 Memory: 15591M
 Large Page Support: Disabled
 NUMA Support: Disabled
 Compressed Oops: Enabled (Zero based)
 Heap Region Size: 2M
 Heap Min Capacity: 8M
 Heap Initial Capacity: 244M
 Heap Max Capacity: 3898M
 Pre-touch: Disabled
 Parallel Workers: 10
 Concurrent Workers: 3
 Concurrent Refinement Workers: 10
 Periodic GC: Disabled

Heap:
 garbage-first heap   total 249856K, used 109614K [0x000000070c600000, 0x0000000800000000)
  region size 2048K, 31 young (63488K), 1 survivors (2048K)
 Metaspace       used 19155K, committed 19520K, reserved 1073152K
  class space    used 2118K, committed 2304K, reserved 1048576K

Heap Regions: E=young(eden), S=young(survivor), O=old, HS=humongous(starts), HC=humongous(continues), CS=collection set, F=free, OA=open archive, CA=closed archive, TAMS=top-at-mark-start (previous, next)
|   0|0x000000070c600000, 0x000000070c800000, 0x000000070c800000|100%| O|  |TAMS 0x000000070c600000, 0x000000070c800000| Untracked 
|   1|0x000000070c800000, 0x000000070ca00000, 0x000000070ca00000|100%| O|  |TAMS 0x000000070c800000, 0x000000070c95a200| Untracked 
|   2|0x000000070ca00000, 0x000000070cc00000, 0x000000070cc00000|100%|HS|  |TAMS 0x000000070ca00000, 0x000000070ca00000| Complete 
|   3|0x000000070cc00000, 0x000000070ce00000, 0x000000070ce00000|100%|HC|  |TAMS 0x000000070cc00000, 0x000000070cc00000| Complete 
|   4|0x000000070ce00000, 0x000000070d000000, 0x000000070d000000|100%|HC|  |TAMS 0x000000070ce00000, 0x000000070ce00000| Complete 
|   5|0x000000070d000000, 0x000000070d200000, 0x000000070d200000|100%|HC|  |TAMS 0x000000070d000000, 0x000000070d000000| Complete 
|   6|0x000000070d200000, 0x000000070d400000, 0x000000070d400000|100%|HC|  |TAMS 0x000000070d200000, 0x000000070d200000| Complete 
|   7|0x000000070d400000, 0x000000070d600000, 0x000000070d600000|100%|HC|  |TAMS 0x000000070d400000, 0x000000070d400000| Complete 
|   8|0x000000070d600000, 0x000000070d800000, 0x000000070d800000|100%|HS|  |TAMS 0x000000070d600000, 0x000000070d600000| Complete 
|   9|0x000000070d800000, 0x000000070da00000, 0x000000070da00000|100%|HC|  |TAMS 0x000000070d800000, 0x000000070d800000| Complete 
|  10|0x000000070da00000, 0x000000070dc00000, 0x000000070dc00000|100%|HC|  |TAMS 0x000000070da00000, 0x000000070da00000| Complete 
|  11|0x000000070dc00000, 0x000000070de00000, 0x000000070de00000|100%|HC|  |TAMS 0x000000070dc00000, 0x000000070dc00000| Complete 
|  12|0x000000070de00000, 0x000000070e000000, 0x000000070e000000|100%|HC|  |TAMS 0x000000070de00000, 0x000000070de00000| Complete 
|  13|0x000000070e000000, 0x000000070e200000, 0x000000070e200000|100%|HC|  |TAMS 0x000000070e000000, 0x000000070e000000| Complete 
|  14|0x000000070e200000, 0x000000070e200000, 0x000000070e400000|  0%| F|  |TAMS 0x000000070e200000, 0x000000070e200000| Untracked 
|  15|0x000000070e400000, 0x000000070e400000, 0x000000070e600000|  0%| F|  |TAMS 0x000000070e400000, 0x000000070e400000| Untracked 
|  16|0x000000070e600000, 0x000000070e600000, 0x000000070e800000|  0%| F|  |TAMS 0x000000070e600000, 0x000000070e600000| Untracked 
|  17|0x000000070e800000, 0x000000070e800000, 0x000000070ea00000|  0%| F|  |TAMS 0x000000070e800000, 0x000000070e800000| Untracked 
|  18|0x000000070ea00000, 0x000000070ea00000, 0x000000070ec00000|  0%| F|  |TAMS 0x000000070ea00000, 0x000000070ea00000| Untracked 
|  19|0x000000070ec00000, 0x000000070ec00000, 0x000000070ee00000|  0%| F|  |TAMS 0x000000070ec00000, 0x000000070ec00000| Untracked 
|  20|0x000000070ee00000, 0x000000070ee00000, 0x000000070f000000|  0%| F|  |TAMS 0x000000070ee00000, 0x000000070ee00000| Untracked 
|  21|0x000000070f000000, 0x000000070f000000, 0x000000070f200000|  0%| F|  |TAMS 0x000000070f000000, 0x000000070f000000| Untracked 
|  22|0x000000070f200000, 0x000000070f200000, 0x000000070f400000|  0%| F|  |TAMS 0x000000070f200000, 0x000000070f200000| Untracked 
|  23|0x000000070f400000, 0x000000070f400000, 0x000000070f600000|  0%| F|  |TAMS 0x000000070f400000, 0x000000070f400000| Untracked 
|  24|0x000000070f600000, 0x000000070f600000, 0x000000070f800000|  0%| F|  |TAMS 0x000000070f600000, 0x000000070f600000| Untracked 
|  25|0x000000070f800000, 0x000000070f800000, 0x000000070fa00000|  0%| F|  |TAMS 0x000000070f800000, 0x000000070f800000| Untracked 
|  26|0x000000070fa00000, 0x000000070fa00000, 0x000000070fc00000|  0%| F|  |TAMS 0x000000070fa00000, 0x000000070fa00000| Untracked 
|  27|0x000000070fc00000, 0x000000070fc00000, 0x000000070fe00000|  0%| F|  |TAMS 0x000000070fc00000, 0x000000070fc00000| Untracked 
|  28|0x000000070fe00000, 0x000000070fe00000, 0x0000000710000000|  0%| F|  |TAMS 0x000000070fe00000, 0x000000070fe00000| Untracked 
|  29|0x0000000710000000, 0x0000000710000000, 0x0000000710200000|  0%| F|  |TAMS 0x0000000710000000, 0x0000000710000000| Untracked 
|  30|0x0000000710200000, 0x0000000710200000, 0x0000000710400000|  0%| F|  |TAMS 0x0000000710200000, 0x0000000710200000| Untracked 
|  31|0x0000000710400000, 0x0000000710400000, 0x0000000710600000|  0%| F|  |TAMS 0x0000000710400000, 0x0000000710400000| Untracked 
|  32|0x0000000710600000, 0x0000000710600000, 0x0000000710800000|  0%| F|  |TAMS 0x0000000710600000, 0x0000000710600000| Untracked 
|  33|0x0000000710800000, 0x0000000710800000, 0x0000000710a00000|  0%| F|  |TAMS 0x0000000710800000, 0x0000000710800000| Untracked 
|  34|0x0000000710a00000, 0x0000000710a00000, 0x0000000710c00000|  0%| F|  |TAMS 0x0000000710a00000, 0x0000000710a00000| Untracked 
|  35|0x0000000710c00000, 0x0000000710c00000, 0x0000000710e00000|  0%| F|  |TAMS 0x0000000710c00000, 0x0000000710c00000| Untracked 
|  36|0x0000000710e00000, 0x0000000710e00000, 0x0000000711000000|  0%| F|  |TAMS 0x0000000710e00000, 0x0000000710e00000| Untracked 
|  37|0x0000000711000000, 0x0000000711000000, 0x0000000711200000|  0%| F|  |TAMS 0x0000000711000000, 0x0000000711000000| Untracked 
|  38|0x0000000711200000, 0x0000000711400000, 0x0000000711400000|100%|HS|  |TAMS 0x0000000711200000, 0x0000000711400000| Complete 
|  39|0x0000000711400000, 0x0000000711600000, 0x0000000711600000|100%|HC|  |TAMS 0x0000000711400000, 0x0000000711600000| Complete 
|  40|0x0000000711600000, 0x0000000711800000, 0x0000000711800000|100%|HC|  |TAMS 0x0000000711600000, 0x0000000711800000| Complete 
|  41|0x0000000711800000, 0x0000000711a00000, 0x0000000711a00000|100%|HC|  |TAMS 0x0000000711800000, 0x0000000711a00000| Complete 
|  42|0x0000000711a00000, 0x0000000711a00000, 0x0000000711c00000|  0%| F|  |TAMS 0x0000000711a00000, 0x0000000711a00000| Untracked 
|  43|0x0000000711c00000, 0x0000000711c00000, 0x0000000711e00000|  0%| F|  |TAMS 0x0000000711c00000, 0x0000000711c00000| Untracked 
|  44|0x0000000711e00000, 0x0000000711e00000, 0x0000000712000000|  0%| F|  |TAMS 0x0000000711e00000, 0x0000000711e00000| Untracked 
|  45|0x0000000712000000, 0x0000000712000000, 0x0000000712200000|  0%| F|  |TAMS 0x0000000712000000, 0x0000000712000000| Untracked 
|  46|0x0000000712200000, 0x0000000712200000, 0x0000000712400000|  0%| F|  |TAMS 0x0000000712200000, 0x0000000712200000| Untracked 
|  47|0x0000000712400000, 0x0000000712400000, 0x0000000712600000|  0%| F|  |TAMS 0x0000000712400000, 0x0000000712400000| Untracked 
|  48|0x0000000712600000, 0x0000000712600000, 0x0000000712800000|  0%| F|  |TAMS 0x0000000712600000, 0x0000000712600000| Untracked 
|  49|0x0000000712800000, 0x0000000712800000, 0x0000000712a00000|  0%| F|  |TAMS 0x0000000712800000, 0x0000000712800000| Untracked 
|  50|0x0000000712a00000, 0x0000000712a00000, 0x0000000712c00000|  0%| F|  |TAMS 0x0000000712a00000, 0x0000000712a00000| Untracked 
|  51|0x0000000712c00000, 0x0000000712c00000, 0x0000000712e00000|  0%| F|  |TAMS 0x0000000712c00000, 0x0000000712c00000| Untracked 
|  52|0x0000000712e00000, 0x0000000712e00000, 0x0000000713000000|  0%| F|  |TAMS 0x0000000712e00000, 0x0000000712e00000| Untracked 
|  53|0x0000000713000000, 0x0000000713000000, 0x0000000713200000|  0%| F|  |TAMS 0x0000000713000000, 0x0000000713000000| Untracked 
|  54|0x0000000713200000, 0x0000000713200000, 0x0000000713400000|  0%| F|  |TAMS 0x0000000713200000, 0x0000000713200000| Untracked 
|  55|0x0000000713400000, 0x0000000713400000, 0x0000000713600000|  0%| F|  |TAMS 0x0000000713400000, 0x0000000713400000| Untracked 
|  56|0x0000000713600000, 0x0000000713600000, 0x0000000713800000|  0%| F|  |TAMS 0x0000000713600000, 0x0000000713600000| Untracked 
|  57|0x0000000713800000, 0x0000000713800000, 0x0000000713a00000|  0%| F|  |TAMS 0x0000000713800000, 0x0000000713800000| Untracked 
|  58|0x0000000713a00000, 0x0000000713a00000, 0x0000000713c00000|  0%| F|  |TAMS 0x0000000713a00000, 0x0000000713a00000| Untracked 
|  59|0x0000000713c00000, 0x0000000713c00000, 0x0000000713e00000|  0%| F|  |TAMS 0x0000000713c00000, 0x0000000713c00000| Untracked 
|  60|0x0000000713e00000, 0x0000000713e00000, 0x0000000714000000|  0%| F|  |TAMS 0x0000000713e00000, 0x0000000713e00000| Untracked 
|  61|0x0000000714000000, 0x0000000714200000, 0x0000000714200000|100%| O|  |TAMS 0x0000000714000000, 0x0000000714000000| Untracked 
|  62|0x0000000714200000, 0x0000000714400000, 0x0000000714400000|100%| O|  |TAMS 0x0000000714200000, 0x0000000714200000| Untracked 
|  63|0x0000000714400000, 0x0000000714600000, 0x0000000714600000|100%| O|  |TAMS 0x0000000714400000, 0x0000000714400000| Untracked 
|  64|0x0000000714600000, 0x0000000714800000, 0x0000000714800000|100%| O|  |TAMS 0x0000000714600000, 0x0000000714600000| Untracked 
|  65|0x0000000714800000, 0x0000000714a00000, 0x0000000714a00000|100%| O|  |TAMS 0x0000000714800000, 0x0000000714800000| Untracked 
|  66|0x0000000714a00000, 0x0000000714b3e400, 0x0000000714c00000| 62%| O|  |TAMS 0x0000000714a00000, 0x0000000714a00000| Untracked 
|  67|0x0000000714c00000, 0x0000000714c00000, 0x0000000714e00000|  0%| F|  |TAMS 0x0000000714c00000, 0x0000000714c00000| Untracked 
|  68|0x0000000714e00000, 0x0000000714e00000, 0x0000000715000000|  0%| F|  |TAMS 0x0000000714e00000, 0x0000000714e00000| Untracked 
|  69|0x0000000715000000, 0x0000000715000000, 0x0000000715200000|  0%| F|  |TAMS 0x0000000715000000, 0x0000000715000000| Untracked 
|  70|0x0000000715200000, 0x0000000715200000, 0x0000000715400000|  0%| F|  |TAMS 0x0000000715200000, 0x0000000715200000| Untracked 
|  71|0x0000000715400000, 0x0000000715400000, 0x0000000715600000|  0%| F|  |TAMS 0x0000000715400000, 0x0000000715400000| Untracked 
|  72|0x0000000715600000, 0x0000000715600000, 0x0000000715800000|  0%| F|  |TAMS 0x0000000715600000, 0x0000000715600000| Untracked 
|  73|0x0000000715800000, 0x0000000715800000, 0x0000000715a00000|  0%| F|  |TAMS 0x0000000715800000, 0x0000000715800000| Untracked 
|  74|0x0000000715a00000, 0x0000000715a00000, 0x0000000715c00000|  0%| F|  |TAMS 0x0000000715a00000, 0x0000000715a00000| Untracked 
|  75|0x0000000715c00000, 0x0000000715c00000, 0x0000000715e00000|  0%| F|  |TAMS 0x0000000715c00000, 0x0000000715c00000| Untracked 
|  76|0x0000000715e00000, 0x0000000715e00000, 0x0000000716000000|  0%| F|  |TAMS 0x0000000715e00000, 0x0000000715e00000| Untracked 
|  77|0x0000000716000000, 0x0000000716000000, 0x0000000716200000|  0%| F|  |TAMS 0x0000000716000000, 0x0000000716000000| Untracked 
|  78|0x0000000716200000, 0x0000000716200000, 0x0000000716400000|  0%| F|  |TAMS 0x0000000716200000, 0x0000000716200000| Untracked 
|  79|0x0000000716400000, 0x0000000716400000, 0x0000000716600000|  0%| F|  |TAMS 0x0000000716400000, 0x0000000716400000| Untracked 
|  80|0x0000000716600000, 0x0000000716600000, 0x0000000716800000|  0%| F|  |TAMS 0x0000000716600000, 0x0000000716600000| Untracked 
|  81|0x0000000716800000, 0x0000000716800000, 0x0000000716a00000|  0%| F|  |TAMS 0x0000000716800000, 0x0000000716800000| Untracked 
|  82|0x0000000716a00000, 0x0000000716a00000, 0x0000000716c00000|  0%| F|  |TAMS 0x0000000716a00000, 0x0000000716a00000| Untracked 
|  83|0x0000000716c00000, 0x0000000716c00000, 0x0000000716e00000|  0%| F|  |TAMS 0x0000000716c00000, 0x0000000716c00000| Untracked 
|  84|0x0000000716e00000, 0x0000000716e00000, 0x0000000717000000|  0%| F|  |TAMS 0x0000000716e00000, 0x0000000716e00000| Untracked 
|  85|0x0000000717000000, 0x0000000717000000, 0x0000000717200000|  0%| F|  |TAMS 0x0000000717000000, 0x0000000717000000| Untracked 
|  86|0x0000000717200000, 0x0000000717200000, 0x0000000717400000|  0%| F|  |TAMS 0x0000000717200000, 0x0000000717200000| Untracked 
|  87|0x0000000717400000, 0x0000000717400000, 0x0000000717600000|  0%| F|  |TAMS 0x0000000717400000, 0x0000000717400000| Untracked 
|  88|0x0000000717600000, 0x0000000717600000, 0x0000000717800000|  0%| F|  |TAMS 0x0000000717600000, 0x0000000717600000| Untracked 
|  89|0x0000000717800000, 0x0000000717800000, 0x0000000717a00000|  0%| F|  |TAMS 0x0000000717800000, 0x0000000717800000| Untracked 
|  90|0x0000000717a00000, 0x0000000717a00000, 0x0000000717c00000|  0%| F|  |TAMS 0x0000000717a00000, 0x0000000717a00000| Untracked 
|  91|0x0000000717c00000, 0x0000000717e00000, 0x0000000717e00000|100%| E|  |TAMS 0x0000000717c00000, 0x0000000717c00000| Complete 
|  92|0x0000000717e00000, 0x0000000718000000, 0x0000000718000000|100%| E|CS|TAMS 0x0000000717e00000, 0x0000000717e00000| Complete 
|  93|0x0000000718000000, 0x0000000718200000, 0x0000000718200000|100%| E|CS|TAMS 0x0000000718000000, 0x0000000718000000| Complete 
|  94|0x0000000718200000, 0x0000000718400000, 0x0000000718400000|100%| E|CS|TAMS 0x0000000718200000, 0x0000000718200000| Complete 
|  95|0x0000000718400000, 0x0000000718600000, 0x0000000718600000|100%| E|CS|TAMS 0x0000000718400000, 0x0000000718400000| Complete 
|  96|0x0000000718600000, 0x0000000718800000, 0x0000000718800000|100%| E|CS|TAMS 0x0000000718600000, 0x0000000718600000| Complete 
|  97|0x0000000718800000, 0x0000000718a00000, 0x0000000718a00000|100%| E|CS|TAMS 0x0000000718800000, 0x0000000718800000| Complete 
|  98|0x0000000718a00000, 0x0000000718c00000, 0x0000000718c00000|100%| E|CS|TAMS 0x0000000718a00000, 0x0000000718a00000| Complete 
|  99|0x0000000718c00000, 0x0000000718e00000, 0x0000000718e00000|100%| E|CS|TAMS 0x0000000718c00000, 0x0000000718c00000| Complete 
| 100|0x0000000718e00000, 0x0000000719000000, 0x0000000719000000|100%| E|CS|TAMS 0x0000000718e00000, 0x0000000718e00000| Complete 
| 101|0x0000000719000000, 0x0000000719200000, 0x0000000719200000|100%| E|CS|TAMS 0x0000000719000000, 0x0000000719000000| Complete 
| 102|0x0000000719200000, 0x0000000719400000, 0x0000000719400000|100%| E|CS|TAMS 0x0000000719200000, 0x0000000719200000| Complete 
| 103|0x0000000719400000, 0x0000000719600000, 0x0000000719600000|100%| E|CS|TAMS 0x0000000719400000, 0x0000000719400000| Complete 
| 104|0x0000000719600000, 0x0000000719800000, 0x0000000719800000|100%| E|CS|TAMS 0x0000000719600000, 0x0000000719600000| Complete 
| 105|0x0000000719800000, 0x0000000719a00000, 0x0000000719a00000|100%| E|CS|TAMS 0x0000000719800000, 0x0000000719800000| Complete 
| 106|0x0000000719a00000, 0x0000000719c00000, 0x0000000719c00000|100%| E|CS|TAMS 0x0000000719a00000, 0x0000000719a00000| Complete 
| 107|0x0000000719c00000, 0x0000000719e00000, 0x0000000719e00000|100%| E|CS|TAMS 0x0000000719c00000, 0x0000000719c00000| Complete 
| 108|0x0000000719e00000, 0x000000071a000000, 0x000000071a000000|100%| E|CS|TAMS 0x0000000719e00000, 0x0000000719e00000| Complete 
| 109|0x000000071a000000, 0x000000071a200000, 0x000000071a200000|100%| E|CS|TAMS 0x000000071a000000, 0x000000071a000000| Complete 
| 110|0x000000071a200000, 0x000000071a400000, 0x000000071a400000|100%| E|CS|TAMS 0x000000071a200000, 0x000000071a200000| Complete 
| 111|0x000000071a400000, 0x000000071a600000, 0x000000071a600000|100%| E|CS|TAMS 0x000000071a400000, 0x000000071a400000| Complete 
| 112|0x000000071a600000, 0x000000071a800000, 0x000000071a800000|100%| E|CS|TAMS 0x000000071a600000, 0x000000071a600000| Complete 
| 113|0x000000071a800000, 0x000000071aa00000, 0x000000071aa00000|100%| E|CS|TAMS 0x000000071a800000, 0x000000071a800000| Complete 
| 114|0x000000071aa00000, 0x000000071ac00000, 0x000000071ac00000|100%| E|CS|TAMS 0x000000071aa00000, 0x000000071aa00000| Complete 
| 115|0x000000071ac00000, 0x000000071adcd5e0, 0x000000071ae00000| 90%| S|CS|TAMS 0x000000071ac00000, 0x000000071ac00000| Complete 
| 116|0x000000071ae00000, 0x000000071b000000, 0x000000071b000000|100%| E|CS|TAMS 0x000000071ae00000, 0x000000071ae00000| Complete 
| 117|0x000000071b000000, 0x000000071b200000, 0x000000071b200000|100%| E|CS|TAMS 0x000000071b000000, 0x000000071b000000| Complete 
| 118|0x000000071b200000, 0x000000071b400000, 0x000000071b400000|100%| E|CS|TAMS 0x000000071b200000, 0x000000071b200000| Complete 
| 119|0x000000071b400000, 0x000000071b600000, 0x000000071b600000|100%| E|CS|TAMS 0x000000071b400000, 0x000000071b400000| Complete 
| 120|0x000000071b600000, 0x000000071b800000, 0x000000071b800000|100%| E|CS|TAMS 0x000000071b600000, 0x000000071b600000| Complete 
| 121|0x000000071b800000, 0x000000071ba00000, 0x000000071ba00000|100%| E|CS|TAMS 0x000000071b800000, 0x000000071b800000| Complete 

Card table byte_map: [0x00000280bdc00000,0x00000280be3a0000] _byte_map_base: 0x00000280ba39d000

Marking Bits (Prev, Next): (CMBitMap*) 0x00000280a66fe0a0, (CMBitMap*) 0x00000280a66fe0e0
 Prev Bits: [0x00000280beb40000, 0x00000280c2828000)
 Next Bits: [0x00000280c2830000, 0x00000280c6518000)

Polling page: 0x00000280a45a0000

Metaspace:

Usage:
  Non-class:     16.64 MB used.
      Class:      2.07 MB used.
       Both:     18.71 MB used.

Virtual space:
  Non-class space:       24.00 MB reserved,      16.81 MB ( 70%) committed,  3 nodes.
      Class space:        1.00 GB reserved,       2.25 MB ( <1%) committed,  1 nodes.
             Both:        1.02 GB reserved,      19.06 MB (  2%) committed. 

Chunk freelists:
   Non-Class:  2.43 MB
       Class:  1.69 MB
        Both:  4.12 MB

MaxMetaspaceSize: unlimited
CompressedClassSpaceSize: 1.00 GB
Initial GC threshold: 21.00 MB
Current GC threshold: 21.00 MB
CDS: on
MetaspaceReclaimPolicy: balanced
 - commit_granule_bytes: 65536.
 - commit_granule_words: 8192.
 - virtual_space_node_default_size: 1048576.
 - enlarge_chunks_in_place: 1.
 - new_chunks_are_fully_committed: 0.
 - uncommit_free_chunks: 1.
 - use_allocation_guard: 0.
 - handle_deallocations: 1.


Internal statistics:

num_allocs_failed_limit: 0.
num_arena_births: 156.
num_arena_deaths: 0.
num_vsnodes_births: 4.
num_vsnodes_deaths: 0.
num_space_committed: 305.
num_space_uncommitted: 0.
num_chunks_returned_to_freelist: 0.
num_chunks_taken_from_freelist: 832.
num_chunk_merges: 0.
num_chunk_splits: 568.
num_chunks_enlarged: 444.
num_purges: 0.
num_inconsistent_stats: 0.

CodeHeap 'non-profiled nmethods': size=120000Kb used=3090Kb max_used=3090Kb free=116909Kb
 bounds [0x00000280b59e0000, 0x00000280b5cf0000, 0x00000280bcf10000]
CodeHeap 'profiled nmethods': size=120000Kb used=11323Kb max_used=11323Kb free=108676Kb
 bounds [0x00000280adf10000, 0x00000280aea20000, 0x00000280b5440000]
CodeHeap 'non-nmethods': size=5760Kb used=1191Kb max_used=1250Kb free=4568Kb
 bounds [0x00000280b5440000, 0x00000280b56b0000, 0x00000280b59e0000]
 total_blobs=5639 nmethods=5152 adapters=399
 compilation: enabled
              stopped_count=0, restarted_count=0
 full_count=0

Compilation events (20 events):
Event: 6.184 Thread 0x00000280c9c22b50 5144       3       java.lang.ProcessEnvironment$EntryComparator::compare (25 bytes)
Event: 6.184 Thread 0x00000280c9c22b50 nmethod 5144 0x00000280aea14e90 code [0x00000280aea15060, 0x00000280aea15548]
Event: 6.188 Thread 0x00000280c9c210a0 nmethod 5021% 0x00000280b5cd6690 code [0x00000280b5cd6a20, 0x00000280b5cdbd88]
Event: 6.188 Thread 0x00000280c9c210a0 5139       4       java.util.TimSort::binarySort (223 bytes)
Event: 6.191 Thread 0x00000280c9c22b50 5146       3       java.lang.invoke.InvokerBytecodeGenerator::emitImplicitConversion (161 bytes)
Event: 6.192 Thread 0x00000280c9c22b50 nmethod 5146 0x00000280aea15690 code [0x00000280aea159a0, 0x00000280aea16838]
Event: 6.192 Thread 0x00000280c9c22b50 5147       3       jdk.internal.org.objectweb.asm.ClassWriter::visitField (53 bytes)
Event: 6.193 Thread 0x00000280c9c22b50 nmethod 5147 0x00000280aea16d10 code [0x00000280aea16ec0, 0x00000280aea17248]
Event: 6.193 Thread 0x00000280c9c22b50 5148       3       jdk.internal.org.objectweb.asm.FieldWriter::<init> (69 bytes)
Event: 6.193 Thread 0x00000280c9c22b50 nmethod 5148 0x00000280aea17390 code [0x00000280aea17580, 0x00000280aea17968]
Event: 6.197 Thread 0x00000280c9c22b50 5151       3       sun.invoke.util.VerifyAccess::isTypeVisible (47 bytes)
Event: 6.198 Thread 0x00000280c9c22b50 nmethod 5151 0x00000280aea17b90 code [0x00000280aea17d80, 0x00000280aea181b8]
Event: 6.198 Thread 0x00000280c9c22b50 5152       3       jdk.internal.misc.VM::isSystemDomainLoader (17 bytes)
Event: 6.198 Thread 0x00000280c9c22b50 nmethod 5152 0x00000280aea18390 code [0x00000280aea185e0, 0x00000280aea19098]
Event: 6.198 Thread 0x00000280c9c22b50 5153       3       java.lang.invoke.MemberName::<init> (50 bytes)
Event: 6.199 Thread 0x00000280c9c22b50 nmethod 5153 0x00000280aea19410 code [0x00000280aea195e0, 0x00000280aea198f8]
Event: 6.199 Thread 0x00000280c9c22b50 5154       3       java.lang.invoke.TypeConvertingMethodAdapter::convertType (299 bytes)
Event: 6.202 Thread 0x00000280c9c22b50 nmethod 5154 0x00000280aea19a90 code [0x00000280aea1a0c0, 0x00000280aea1d6e8]
Event: 6.202 Thread 0x00000280c9c22b50 5156       3       java.lang.invoke.LambdaForm$BasicType::basicTypeSlots (8 bytes)
Event: 6.203 Thread 0x00000280c9c22b50 nmethod 5156 0x00000280aea1e890 code [0x00000280aea1ea20, 0x00000280aea1eb98]

GC Heap History (8 events):
Event: 0.969 GC heap before
{Heap before GC invocations=0 (full 0):
 garbage-first heap   total 249856K, used 22528K [0x000000070c600000, 0x0000000800000000)
  region size 2048K, 11 young (22528K), 0 survivors (0K)
 Metaspace       used 5145K, committed 5312K, reserved 1056768K
  class space    used 617K, committed 704K, reserved 1048576K
}
Event: 0.974 GC heap after
{Heap after GC invocations=1 (full 0):
 garbage-first heap   total 249856K, used 3728K [0x000000070c600000, 0x0000000800000000)
  region size 2048K, 2 young (4096K), 2 survivors (4096K)
 Metaspace       used 5145K, committed 5312K, reserved 1056768K
  class space    used 617K, committed 704K, reserved 1048576K
}
Event: 1.852 GC heap before
{Heap before GC invocations=1 (full 0):
 garbage-first heap   total 249856K, used 34448K [0x000000070c600000, 0x0000000800000000)
  region size 2048K, 17 young (34816K), 2 survivors (4096K)
 Metaspace       used 10042K, committed 10240K, reserved 1064960K
  class space    used 1237K, committed 1344K, reserved 1048576K
}
Event: 1.857 GC heap after
{Heap after GC invocations=2 (full 0):
 garbage-first heap   total 249856K, used 5597K [0x000000070c600000, 0x0000000800000000)
  region size 2048K, 2 young (4096K), 2 survivors (4096K)
 Metaspace       used 10042K, committed 10240K, reserved 1064960K
  class space    used 1237K, committed 1344K, reserved 1048576K
}
Event: 4.450 GC heap before
{Heap before GC invocations=2 (full 0):
 garbage-first heap   total 249856K, used 151005K [0x000000070c600000, 0x0000000800000000)
  region size 2048K, 73 young (149504K), 2 survivors (4096K)
 Metaspace       used 16232K, committed 16512K, reserved 1064960K
  class space    used 1862K, committed 1984K, reserved 1048576K
}
Event: 4.466 GC heap after
{Heap after GC invocations=3 (full 0):
 garbage-first heap   total 249856K, used 15892K [0x000000070c600000, 0x0000000800000000)
  region size 2048K, 7 young (14336K), 7 survivors (14336K)
 Metaspace       used 16232K, committed 16512K, reserved 1064960K
  class space    used 1862K, committed 1984K, reserved 1048576K
}
Event: 4.686 GC heap before
{Heap before GC invocations=3 (full 0):
 garbage-first heap   total 249856K, used 132628K [0x000000070c600000, 0x0000000800000000)
  region size 2048K, 13 young (26624K), 7 survivors (14336K)
 Metaspace       used 16769K, committed 16960K, reserved 1064960K
  class space    used 1905K, committed 1984K, reserved 1048576K
}
Event: 4.694 GC heap after
{Heap after GC invocations=4 (full 0):
 garbage-first heap   total 249856K, used 25646K [0x000000070c600000, 0x0000000800000000)
  region size 2048K, 1 young (2048K), 1 survivors (2048K)
 Metaspace       used 16769K, committed 16960K, reserved 1064960K
  class space    used 1905K, committed 1984K, reserved 1048576K
}

Deoptimization events (20 events):
Event: 5.663 Thread 0x00000280a66919c0 Uncommon trap: trap_request=0xffffffde fr.pc=0x00000280b5ac7da0 relative=0x0000000000000080
Event: 5.663 Thread 0x00000280a66919c0 Uncommon trap: reason=class_check action=maybe_recompile pc=0x00000280b5ac7da0 method=com.google.inject.internal.MoreTypes.getRawType(Ljava/lang/reflect/Type;)Ljava/lang/Class; @ 13 c2
Event: 5.663 Thread 0x00000280a66919c0 DEOPT PACKING pc=0x00000280b5ac7da0 sp=0x000000d5c19fdd80
Event: 5.663 Thread 0x00000280a66919c0 DEOPT UNPACKING pc=0x00000280b54923a3 sp=0x000000d5c19fdd10 mode 2
Event: 6.029 Thread 0x00000280a66919c0 Uncommon trap: trap_request=0xffffff45 fr.pc=0x00000280b5c7466c relative=0x000000000000046c
Event: 6.029 Thread 0x00000280a66919c0 Uncommon trap: reason=unstable_if action=reinterpret pc=0x00000280b5c7466c method=sun.nio.fs.WindowsPathParser.nextNonSlash(Ljava/lang/String;II)I @ 2 c2
Event: 6.029 Thread 0x00000280a66919c0 DEOPT PACKING pc=0x00000280b5c7466c sp=0x000000d5c19fd0d0
Event: 6.029 Thread 0x00000280a66919c0 DEOPT UNPACKING pc=0x00000280b54923a3 sp=0x000000d5c19fd060 mode 2
Event: 6.179 Thread 0x00000280a66919c0 Uncommon trap: trap_request=0xffffffde fr.pc=0x00000280b5bf3de8 relative=0x0000000000000068
Event: 6.179 Thread 0x00000280a66919c0 Uncommon trap: reason=class_check action=maybe_recompile pc=0x00000280b5bf3de8 method=java.util.Collections$UnmodifiableMap.size()I @ 4 c2
Event: 6.179 Thread 0x00000280a66919c0 DEOPT PACKING pc=0x00000280b5bf3de8 sp=0x000000d5c19fdef0
Event: 6.179 Thread 0x00000280a66919c0 DEOPT UNPACKING pc=0x00000280b54923a3 sp=0x000000d5c19fde78 mode 2
Event: 6.182 Thread 0x00000280a66919c0 Uncommon trap: trap_request=0xffffff76 fr.pc=0x00000280b5c90ba4 relative=0x00000000000017a4
Event: 6.182 Thread 0x00000280a66919c0 Uncommon trap: reason=predicate action=maybe_recompile pc=0x00000280b5c90ba4 method=java.util.TimSort.binarySort([Ljava/lang/Object;IIILjava/util/Comparator;)V @ 73 c2
Event: 6.182 Thread 0x00000280a66919c0 DEOPT PACKING pc=0x00000280b5c90ba4 sp=0x000000d5c19fd9d0
Event: 6.182 Thread 0x00000280a66919c0 DEOPT UNPACKING pc=0x00000280b54923a3 sp=0x000000d5c19fd9b0 mode 2
Event: 6.210 Thread 0x00000280a66919c0 Uncommon trap: trap_request=0xffffffde fr.pc=0x00000280b5bacd64 relative=0x0000000000000544
Event: 6.210 Thread 0x00000280a66919c0 Uncommon trap: reason=class_check action=maybe_recompile pc=0x00000280b5bacd64 method=java.util.Hashtable.get(Ljava/lang/Object;)Ljava/lang/Object; @ 6 c2
Event: 6.210 Thread 0x00000280a66919c0 DEOPT PACKING pc=0x00000280b5bacd64 sp=0x000000d5c19fdda0
Event: 6.210 Thread 0x00000280a66919c0 DEOPT UNPACKING pc=0x00000280b54923a3 sp=0x000000d5c19fdd50 mode 2

Classes unloaded (0 events):
No events

Classes redefined (0 events):
No events

Internal exceptions (20 events):
Event: 2.136 Thread 0x00000280a66919c0 Exception <a 'java/lang/NoClassDefFoundError'{0x000000071b196f48}: com/google/inject/servlet/ServletModuleTargetVisitor> (0x000000071b196f48) 
thrown [s\open\src\hotspot\share\classfile\systemDictionary.cpp, line 245]
Event: 2.191 Thread 0x00000280a66919c0 Exception <a 'java/lang/NoSuchMethodError'{0x000000071af1b8b0}: 'void java.lang.invoke.DirectMethodHandle$Holder.invokeVirtual(java.lang.Object, java.lang.Object)'> (0x000000071af1b8b0) 
thrown [s\open\src\hotspot\share\interpreter\linkResolver.cpp, line 759]
Event: 2.216 Thread 0x00000280a66919c0 Exception <a 'java/lang/NoSuchMethodError'{0x000000071af90430}: 'java.lang.Object java.lang.invoke.DirectMethodHandle$Holder.invokeStaticInit(java.lang.Object, int, int, int, int)'> (0x000000071af90430) 
thrown [s\open\src\hotspot\share\interpreter\linkResolver.cpp, line 759]
Event: 2.340 Thread 0x00000280a66919c0 Implicit null exception at 0x00000280b5a84472 to 0x00000280b5a84a4c
Event: 2.340 Thread 0x00000280a66919c0 Implicit null exception at 0x00000280b5a09872 to 0x00000280b5a09e60
Event: 2.905 Thread 0x00000280a66919c0 Implicit null exception at 0x00000280b5af8ab2 to 0x00000280b5af8ba4
Event: 2.905 Thread 0x00000280a66919c0 Implicit null exception at 0x00000280b5a9056d to 0x00000280b5a90754
Event: 2.905 Thread 0x00000280a66919c0 Implicit null exception at 0x00000280b5a6d1d8 to 0x00000280b5a6d26e
Event: 4.375 Thread 0x00000280a66919c0 Implicit null exception at 0x00000280b5bb833b to 0x00000280b5bb8a60
Event: 4.386 Thread 0x00000280a66919c0 Exception <a 'java/lang/NoSuchMethodError'{0x0000000712a9ca10}: 'int java.lang.invoke.DirectMethodHandle$Holder.invokeVirtual(java.lang.Object, java.lang.Object)'> (0x0000000712a9ca10) 
thrown [s\open\src\hotspot\share\interpreter\linkResolver.cpp, line 759]
Event: 4.387 Thread 0x00000280a66919c0 Exception <a 'java/lang/NoSuchMethodError'{0x0000000712aa29d8}: 'void java.lang.invoke.DirectMethodHandle$Holder.invokeSpecial(java.lang.Object, java.lang.Object, java.lang.Object, java.lang.Object, java.lang.Object)'> (0x0000000712aa29d8) 
thrown [s\open\src\hotspot\share\interpreter\linkResolver.cpp, line 759]
Event: 4.467 Thread 0x00000280a66919c0 Implicit null exception at 0x00000280b5c0cf0c to 0x00000280b5c0dc00
Event: 4.613 Thread 0x00000280a66919c0 Exception <a 'java/lang/NoSuchMethodError'{0x000000071b0ff490}: 'int java.lang.invoke.DirectMethodHandle$Holder.invokeStatic(java.lang.Object, java.lang.Object, int)'> (0x000000071b0ff490) 
thrown [s\open\src\hotspot\share\interpreter\linkResolver.cpp, line 759]
Event: 6.158 Thread 0x00000280a66919c0 Exception <a 'java/lang/NoSuchMethodError'{0x0000000717d37a68}: 'java.lang.Object java.lang.invoke.DirectMethodHandle$Holder.invokeStaticInit(java.lang.Object, java.lang.Object, int, int, int, int)'> (0x0000000717d37a68) 
thrown [s\open\src\hotspot\share\interpreter\linkResolver.cpp, line 759]
Event: 6.191 Thread 0x00000280a66919c0 Exception <a 'java/lang/NoSuchMethodError'{0x0000000717d9a030}: 'void java.lang.invoke.DirectMethodHandle$Holder.invokeStatic(java.lang.Object, long)'> (0x0000000717d9a030) 
thrown [s\open\src\hotspot\share\interpreter\linkResolver.cpp, line 759]
Event: 6.192 Thread 0x00000280a66919c0 Exception <a 'java/lang/NoSuchMethodError'{0x0000000717d9f700}: 'java.lang.Object java.lang.invoke.DirectMethodHandle$Holder.newInvokeSpecial(java.lang.Object, long)'> (0x0000000717d9f700) 
thrown [s\open\src\hotspot\share\interpreter\linkResolver.cpp, line 759]
Event: 6.197 Thread 0x00000280a66919c0 Exception <a 'java/lang/NoSuchMethodError'{0x0000000717da69e8}: 'java.lang.Object java.lang.invoke.DirectMethodHandle$Holder.invokeStatic(java.lang.Object, java.lang.Object, long, java.lang.Object)'> (0x0000000717da69e8) 
thrown [s\open\src\hotspot\share\interpreter\linkResolver.cpp, line 759]
Event: 6.198 Thread 0x00000280a66919c0 Exception <a 'java/lang/NoSuchMethodError'{0x0000000717daa480}: 'java.lang.Object java.lang.invoke.DirectMethodHandle$Holder.invokeStaticInit(java.lang.Object, java.lang.Object, long, java.lang.Object)'> (0x0000000717daa480) 
thrown [s\open\src\hotspot\share\interpreter\linkResolver.cpp, line 759]
Event: 6.199 Thread 0x00000280a66919c0 Exception <a 'java/lang/NoSuchMethodError'{0x0000000717db0ac8}: 'java.lang.Object java.lang.invoke.DirectMethodHandle$Holder.newInvokeSpecial(java.lang.Object, java.lang.Object, long)'> (0x0000000717db0ac8) 
thrown [s\open\src\hotspot\share\interpreter\linkResolver.cpp, line 759]
Event: 6.199 Thread 0x00000280a66919c0 Exception <a 'java/lang/NoSuchMethodError'{0x0000000717db4638}: 'java.lang.Object java.lang.invoke.Invokers$Holder.linkToTargetMethod(java.lang.Object, long, java.lang.Object)'> (0x0000000717db4638) 
thrown [s\open\src\hotspot\share\interpreter\linkResolver.cpp, line 759]

VM Operations (20 events):
Event: 2.883 Executing VM operation: ICBufferFull
Event: 2.883 Executing VM operation: ICBufferFull done
Event: 3.211 Executing VM operation: ICBufferFull
Event: 3.212 Executing VM operation: ICBufferFull done
Event: 3.727 Executing VM operation: ICBufferFull
Event: 3.727 Executing VM operation: ICBufferFull done
Event: 4.279 Executing VM operation: ICBufferFull
Event: 4.280 Executing VM operation: ICBufferFull done
Event: 4.406 Executing VM operation: HandshakeAllThreads
Event: 4.406 Executing VM operation: HandshakeAllThreads done
Event: 4.450 Executing VM operation: G1CollectForAllocation
Event: 4.466 Executing VM operation: G1CollectForAllocation done
Event: 4.686 Executing VM operation: G1TryInitiateConcMark
Event: 4.694 Executing VM operation: G1TryInitiateConcMark done
Event: 5.662 Executing VM operation: ICBufferFull
Event: 5.662 Executing VM operation: ICBufferFull done
Event: 6.069 Executing VM operation: HandshakeAllThreads
Event: 6.069 Executing VM operation: HandshakeAllThreads done
Event: 6.146 Executing VM operation: HandshakeAllThreads
Event: 6.146 Executing VM operation: HandshakeAllThreads done

Events (20 events):
Event: 6.204 loading class java/util/concurrent/ForkJoinPool$ManagedBlocker done
Event: 6.204 loading class java/util/concurrent/SynchronousQueue$TransferStack$SNode done
Event: 6.204 loading class java/lang/ProcessImpl$2
Event: 6.205 loading class java/lang/ProcessImpl$2 done
Event: 6.205 loading class java/lang/ProcessBuilder$NullOutputStream
Event: 6.205 loading class java/lang/ProcessBuilder$NullOutputStream done
Event: 6.205 loading class java/lang/ProcessBuilder$NullInputStream
Event: 6.205 loading class java/lang/ProcessBuilder$NullInputStream done
Event: 6.205 loading class jdk/internal/event/ProcessStartEvent
Event: 6.206 loading class jdk/internal/event/Event
Event: 6.208 loading class jdk/internal/event/Event done
Event: 6.208 loading class jdk/internal/event/ProcessStartEvent done
Event: 6.209 loading class sun/misc/Signal
Event: 6.209 loading class sun/misc/Signal done
Event: 6.209 loading class sun/misc/SignalHandler
Event: 6.209 loading class sun/misc/SignalHandler done
Event: 6.210 loading class sun/misc/Signal$InternalMiscHandler
Event: 6.210 loading class sun/misc/Signal$InternalMiscHandler done
Event: 6.210 loading class sun/misc/Signal$SunMiscHandler
Event: 6.210 loading class sun/misc/Signal$SunMiscHandler done


Dynamic libraries:
0x00007ff7da580000 - 0x00007ff7da590000 	C:\Program Files\Java\jdk-17\bin\java.exe
0x00007ffbe9900000 - 0x00007ffbe9b68000 	C:\WINDOWS\SYSTEM32\ntdll.dll
0x00007ffbe8210000 - 0x00007ffbe82d9000 	C:\WINDOWS\System32\KERNEL32.DLL
0x00007ffbe6a50000 - 0x00007ffbe6e48000 	C:\WINDOWS\System32\KERNELBASE.dll
0x00007ffbe71a0000 - 0x00007ffbe72eb000 	C:\WINDOWS\System32\ucrtbase.dll
0x00007ffbe34a0000 - 0x00007ffbe34bb000 	C:\Program Files\Java\jdk-17\bin\VCRUNTIME140.dll
0x00007ffbe34c0000 - 0x00007ffbe34d9000 	C:\Program Files\Java\jdk-17\bin\jli.dll
0x00007ffbe85c0000 - 0x00007ffbe8674000 	C:\WINDOWS\System32\ADVAPI32.dll
0x00007ffbe82f0000 - 0x00007ffbe8399000 	C:\WINDOWS\System32\msvcrt.dll
0x00007ffbe7ef0000 - 0x00007ffbe7f96000 	C:\WINDOWS\System32\sechost.dll
0x00007ffbe7b20000 - 0x00007ffbe7c38000 	C:\WINDOWS\System32\RPCRT4.dll
0x00007ffbe89b0000 - 0x00007ffbe8b77000 	C:\WINDOWS\System32\USER32.dll
0x00007ffbd3180000 - 0x00007ffbd3414000 	C:\WINDOWS\WinSxS\amd64_microsoft.windows.common-controls_6595b64144ccf1df_6.0.26100.7019_none_3e06ffa0e335b8a8\COMCTL32.dll
0x00007ffbe72f0000 - 0x00007ffbe7317000 	C:\WINDOWS\System32\win32u.dll
0x00007ffbe9080000 - 0x00007ffbe90ab000 	C:\WINDOWS\System32\GDI32.dll
0x00007ffbe6f00000 - 0x00007ffbe702c000 	C:\WINDOWS\System32\gdi32full.dll
0x00007ffbe6e50000 - 0x00007ffbe6ef3000 	C:\WINDOWS\System32\msvcp_win.dll
0x00007ffbdf730000 - 0x00007ffbdf73b000 	C:\WINDOWS\SYSTEM32\VERSION.dll
0x00007ffbe7eb0000 - 0x00007ffbe7ee1000 	C:\WINDOWS\System32\IMM32.DLL
0x00007ffbe3490000 - 0x00007ffbe349c000 	C:\Program Files\Java\jdk-17\bin\vcruntime140_1.dll
0x00007ffbc9f40000 - 0x00007ffbc9fce000 	C:\Program Files\Java\jdk-17\bin\msvcp140.dll
0x00007ffb75db0000 - 0x00007ffb7698d000 	C:\Program Files\Java\jdk-17\bin\server\jvm.dll
0x00007ffbe8760000 - 0x00007ffbe8768000 	C:\WINDOWS\System32\PSAPI.DLL
0x00007ffbe3480000 - 0x00007ffbe348a000 	C:\WINDOWS\SYSTEM32\WSOCK32.dll
0x00007ffbde1a0000 - 0x00007ffbde1d5000 	C:\WINDOWS\SYSTEM32\WINMM.dll
0x00007ffbe8830000 - 0x00007ffbe88a4000 	C:\WINDOWS\System32\WS2_32.dll
0x00007ffbe57d0000 - 0x00007ffbe57eb000 	C:\WINDOWS\SYSTEM32\kernel.appcore.dll
0x00007ffbe0cb0000 - 0x00007ffbe0cba000 	C:\Program Files\Java\jdk-17\bin\jimage.dll
0x00007ffbe43f0000 - 0x00007ffbe4632000 	C:\WINDOWS\SYSTEM32\DBGHELP.DLL
0x00007ffbe7790000 - 0x00007ffbe7b1b000 	C:\WINDOWS\System32\combase.dll
0x00007ffbe8680000 - 0x00007ffbe8757000 	C:\WINDOWS\System32\OLEAUT32.dll
0x00007ffbd0910000 - 0x00007ffbd094c000 	C:\WINDOWS\SYSTEM32\dbgcore.DLL
0x00007ffbe7320000 - 0x00007ffbe73c5000 	C:\WINDOWS\System32\bcryptPrimitives.dll
0x00007ffbd6a70000 - 0x00007ffbd6a95000 	C:\Program Files\Java\jdk-17\bin\java.dll
0x00007ffbbcc50000 - 0x00007ffbbcd27000 	C:\Program Files\Java\jdk-17\bin\jsvml.dll
0x00007ffbe90d0000 - 0x00007ffbe981f000 	C:\WINDOWS\System32\SHELL32.dll
0x00007ffbe7030000 - 0x00007ffbe719b000 	C:\WINDOWS\System32\wintypes.dll
0x00007ffbe4650000 - 0x00007ffbe4ead000 	C:\WINDOWS\SYSTEM32\windows.storage.dll
0x00007ffbe7fa0000 - 0x00007ffbe8092000 	C:\WINDOWS\System32\SHCORE.dll
0x00007ffbe76a0000 - 0x00007ffbe7707000 	C:\WINDOWS\System32\shlwapi.dll
0x00007ffbe6970000 - 0x00007ffbe6999000 	C:\WINDOWS\SYSTEM32\profapi.dll
0x00007ffbd6880000 - 0x00007ffbd6899000 	C:\Program Files\Java\jdk-17\bin\net.dll
0x00007ffbdf4a0000 - 0x00007ffbdf5c8000 	C:\WINDOWS\SYSTEM32\WINHTTP.dll
0x00007ffbe5d20000 - 0x00007ffbe5d8b000 	C:\WINDOWS\system32\mswsock.dll
0x00007ffbd65b0000 - 0x00007ffbd65c6000 	C:\Program Files\Java\jdk-17\bin\nio.dll
0x00007ffbd6200000 - 0x00007ffbd6218000 	C:\Program Files\Java\jdk-17\bin\zip.dll
0x0000000069ac0000 - 0x0000000069ae4000 	C:\apache-maven-3.9.0\lib\jansi-native\Windows\x86_64\jansi.dll
0x00007ffbd6280000 - 0x00007ffbd6290000 	C:\Program Files\Java\jdk-17\bin\verify.dll
0x00007ffbe6110000 - 0x00007ffbe612b000 	C:\WINDOWS\SYSTEM32\CRYPTSP.dll
0x00007ffbe5730000 - 0x00007ffbe576a000 	C:\WINDOWS\system32\rsaenh.dll
0x00007ffbe5dd0000 - 0x00007ffbe5dfb000 	C:\WINDOWS\SYSTEM32\USERENV.dll
0x00007ffbe6940000 - 0x00007ffbe696a000 	C:\WINDOWS\SYSTEM32\bcrypt.dll
0x00007ffbe5f70000 - 0x00007ffbe5f7c000 	C:\WINDOWS\SYSTEM32\CRYPTBASE.dll
0x00007ffbe51c0000 - 0x00007ffbe51f4000 	C:\WINDOWS\SYSTEM32\IPHLPAPI.DLL
0x00007ffbe82e0000 - 0x00007ffbe82ea000 	C:\WINDOWS\System32\NSI.dll
0x00007ffbdf330000 - 0x00007ffbdf34e000 	C:\WINDOWS\SYSTEM32\dhcpcsvc6.DLL
0x00007ffbdf260000 - 0x00007ffbdf283000 	C:\WINDOWS\SYSTEM32\dhcpcsvc.DLL
0x00007ffbe5250000 - 0x00007ffbe537c000 	C:\WINDOWS\SYSTEM32\DNSAPI.dll

dbghelp: loaded successfully - version: 4.0.5 - missing functions: none
symbol engine: initialized successfully - sym options: 0x614 - pdb path: .;C:\Program Files\Java\jdk-17\bin;C:\WINDOWS\SYSTEM32;C:\WINDOWS\WinSxS\amd64_microsoft.windows.common-controls_6595b64144ccf1df_6.0.26100.7019_none_3e06ffa0e335b8a8;C:\Program Files\Java\jdk-17\bin\server;C:\apache-maven-3.9.0\lib\jansi-native\Windows\x86_64

VM Arguments:
jvm_args: -Dclassworlds.conf=C:\apache-maven-3.9.0\bin\m2.conf -Dmaven.home=C:\apache-maven-3.9.0 -Dlibrary.jansi.path=C:\apache-maven-3.9.0\lib\jansi-native -Dmaven.multiModuleProjectDirectory=D:\Internal\social-marketing 
java_command: org.codehaus.plexus.classworlds.launcher.Launcher spring-boot:run
java_class_path (initial): C:\apache-maven-3.9.0\boot\plexus-classworlds-2.6.0.jar
Launcher Type: SUN_STANDARD

[Global flags]
     intx CICompilerCount                          = 4                                         {product} {ergonomic}
     uint ConcGCThreads                            = 3                                         {product} {ergonomic}
     uint G1ConcRefinementThreads                  = 10                                        {product} {ergonomic}
   size_t G1HeapRegionSize                         = 2097152                                   {product} {ergonomic}
    uintx GCDrainStackTargetSize                   = 64                                        {product} {ergonomic}
   size_t InitialHeapSize                          = 255852544                                 {product} {ergonomic}
   size_t MarkStackSize                            = 4194304                                   {product} {ergonomic}
   size_t MaxHeapSize                              = 4087349248                                {product} {ergonomic}
   size_t MaxNewSize                               = 2451570688                                {product} {ergonomic}
   size_t MinHeapDeltaBytes                        = 2097152                                   {product} {ergonomic}
   size_t MinHeapSize                              = 8388608                                   {product} {ergonomic}
    uintx NonNMethodCodeHeapSize                   = 5839372                                {pd product} {ergonomic}
    uintx NonProfiledCodeHeapSize                  = 122909434                              {pd product} {ergonomic}
    uintx ProfiledCodeHeapSize                     = 122909434                              {pd product} {ergonomic}
    uintx ReservedCodeCacheSize                    = 251658240                              {pd product} {ergonomic}
     bool SegmentedCodeCache                       = true                                      {product} {ergonomic}
   size_t SoftMaxHeapSize                          = 4087349248                             {manageable} {ergonomic}
     bool UseCompressedClassPointers               = true                           {product lp64_product} {ergonomic}
     bool UseCompressedOops                        = true                           {product lp64_product} {ergonomic}
     bool UseG1GC                                  = true                                      {product} {ergonomic}
     bool UseLargePagesIndividualAllocation        = false                                  {pd product} {ergonomic}

Logging:
Log output configuration:
 #0: stdout all=warning uptime,level,tags
 #1: stderr all=off uptime,level,tags

Environment Variables:
JAVA_HOME=C:\Program Files\Java\jdk-17
PATH=C:\Program Files\Python310\Scripts\;C:\Program Files\Python310\;c:\Users\t14 7\AppData\Local\Programs\cursor\resources\app\bin;C:\Program Files\Java\jdk-17\bin;C:\Program Files (x86)\Common Files\Oracle\Java\javapath;C:\Program Files\Common Files\Oracle\Java\javapath;C:\WINDOWS\system32;C:\WINDOWS;C:\WINDOWS\System32\Wbem;C:\WINDOWS\System32\WindowsPowerShell\v1.0\;C:\WINDOWS\System32\OpenSSH\;C:\apache-ant-1.10.12\bin;C:\Program Files\dotnet\;C:\apache-maven-3.9.0\bin;C:\Program Files\Git\cmd;C:\Program Files\MySQL\MySQL Shell 8.0\bin\;C:\Users\t14 7\AppData\Local\Microsoft\WindowsApps;C:\Program Files\JetBrains\IntelliJ IDEA 2023.3.2\bin;;C:\Users\t14 7\AppData\Roaming\npm;C:\Users\t14 7\AppData\Local\GitHubDesktop\bin;C:\WINDOWS\system32;C:\WINDOWS;C:\WINDOWS\System32\Wbem;C:\WINDOWS\System32\WindowsPowerShell\v1.0\;C:\WINDOWS\System32\OpenSSH\;C:\Program Files\nodejs\;C:\Program Files\Amazon\AWSCLIV2\;C:\Program Files\Docker\Docker\resources\bin;C:\Users\t14 7\AppData\Local\Microsoft\WindowsApps;C:\Program Files\JetBrains\IntelliJ IDEA 2023.3.2\bin;;C:\Users\t14 7\AppData\Local\Programs\Microsoft VS Code\bin;C:\Users\t14 7\AppData\Local\GitHubDesktop\bin;C:\Users\t14 7\AppData\Roaming\npm;C:\Program Files\OpenSSL-Win64\bin;C:\Program Files\JetBrains\DataGrip 2025.2.4\bin;C:\Users\t14 7\AppData\Local\Programs\Antigravity\bin;c:\Users\t14 7\.antigravity\extensions\vscjava.vscode-java-debug-0.58.3-universal\bundled\scripts\noConfigScripts
USERNAME=t14 7
LANG=en_US.UTF-8
OS=Windows_NT
PROCESSOR_IDENTIFIER=AMD64 Family 23 Model 96 Stepping 1, AuthenticAMD



---------------  S Y S T E M  ---------------

OS:
 Windows 11 , 64 bit Build 26100 (10.0.26100.7019)
OS uptime: 13 days 6:40 hours
Hyper-V role detected

CPU: total 12 (initial active 12) (12 cores per cpu, 2 threads per core) family 23 model 96 stepping 1 microcode 0x8600109, cx8, cmov, fxsr, ht, mmx, 3dnowpref, sse, sse2, sse3, ssse3, sse4a, sse4.1, sse4.2, popcnt, lzcnt, tsc, tscinvbit, avx, avx2, aes, clmul, bmi1, bmi2, adx, sha, fma, vzeroupper, clflush, clflushopt, hv

Memory: 4k page, system-wide physical 15591M (3188M free)
TotalPageFile size 44457M (AvailPageFile size 5M)
current process WorkingSet (physical memory assigned to process): 353M, peak: 363M
current process commit charge ("private bytes"): 403M, peak: 413M

vm_info: Java HotSpot(TM) 64-Bit Server VM (17.0.7+8-LTS-224) for windows-amd64 JRE (17.0.7+8-LTS-224), built on Feb 28 2023 23:03:02 by "mach5one" with MS VC++ 17.1 (VS2022)

END.
