#
# There is insufficient memory for the Java Runtime Environment to continue.
# Native memory allocation (mmap) failed to map 3997696 bytes for G1 virtual space
# Possible reasons:
#   The system is out of physical RAM or swap space
#   The process is running with CompressedOops enabled, and the Java Heap may be blocking the growth of the native heap
# Possible solutions:
#   Reduce memory load on the system
#   Increase physical memory or swap space
#   Check if swap backing store is full
#   Decrease Java heap size (-Xmx/-Xms)
#   Decrease number of Java threads
#   Decrease Java thread stack sizes (-Xss)
#   Set larger code cache with -XX:ReservedCodeCacheSize=
#   JVM is running with Zero Based Compressed Oops mode in which the Java heap is
#     placed in the first 32GB address space. The Java Heap base address is the
#     maximum limit for the native heap growth. Please use -XX:HeapBaseMinAddress
#     to set the Java Heap base and to place the Java Heap above 32GB virtual address.
# This output file may be truncated or incomplete.
#
#  Out of Memory Error (os_windows.cpp:3550), pid=11792, tid=19976
#
# JRE version:  (17.0.7+8) (build )
# Java VM: Java HotSpot(TM) 64-Bit Server VM (17.0.7+8-LTS-224, mixed mode, emulated-client, sharing, tiered, compressed oops, compressed class ptrs, g1 gc, windows-amd64)
# No core dump will be written. Minidumps are not enabled by default on client versions of Windows
#

---------------  S U M M A R Y ------------

Command Line: -XX:TieredStopAtLevel=1 com.social.marketing.SocialMarketingApplication

Host: AMD Ryzen 5 PRO 4650U with Radeon Graphics, 12 cores, 15G,  Windows 11 , 64 bit Build 26100 (10.0.26100.7019)
Time: Tue Dec  2 17:46:26 2025 SE Asia Standard Time elapsed time: 0.022932 seconds (0d 0h 0m 0s)

---------------  T H R E A D  ---------------

Current thread (0x0000023253be8ab0):  JavaThread "Unknown thread" [_thread_in_vm, id=19976, stack(0x0000006cf9300000,0x0000006cf9400000)]

Stack: [0x0000006cf9300000,0x0000006cf9400000]
Native frames: (J=compiled Java code, j=interpreted, Vv=VM code, C=native code)
V  [jvm.dll+0x676a4a]
V  [jvm.dll+0x7d74f4]
V  [jvm.dll+0x7d8c9e]
V  [jvm.dll+0x7d9303]
V  [jvm.dll+0x2452c5]
V  [jvm.dll+0x6738f9]
V  [jvm.dll+0x668232]
V  [jvm.dll+0x302826]
V  [jvm.dll+0x309da6]
V  [jvm.dll+0x359543]
V  [jvm.dll+0x35975f]
V  [jvm.dll+0x2d9a38]
V  [jvm.dll+0x2da9a4]
V  [jvm.dll+0x7a8fb1]
V  [jvm.dll+0x3670e1]
V  [jvm.dll+0x788359]
V  [jvm.dll+0x3ea5ef]
V  [jvm.dll+0x3ec071]
C  [jli.dll+0x5297]
C  [ucrtbase.dll+0x37b0]
C  [KERNEL32.DLL+0x2e8d7]
C  [ntdll.dll+0x8c53c]


---------------  P R O C E S S  ---------------

Threads class SMR info:
_java_thread_list=0x00007ffb76864998, length=0, elements={
}

Java Threads: ( => current thread )

Other Threads:
  0x0000023253c5a090 GCTaskThread "GC Thread#0" [stack: 0x0000006cf9400000,0x0000006cf9500000] [id=16908]
  0x0000023253c6a3c0 ConcurrentGCThread "G1 Main Marker" [stack: 0x0000006cf9500000,0x0000006cf9600000] [id=16700]
  0x0000023253c6caf0 ConcurrentGCThread "G1 Conc#0" [stack: 0x0000006cf9600000,0x0000006cf9700000] [id=20732]

[error occurred during error reporting (printing all threads), id 0xc0000005, EXCEPTION_ACCESS_VIOLATION (0xc0000005) at pc=0x00007ffb7609a697]

VM state: not at safepoint (not fully initialized)

VM Mutex/Monitor currently owned by a thread:  ([mutex/lock_event])
[0x0000023251a2a870] Heap_lock - owner thread: 0x0000023253be8ab0

Heap address: 0x000000070c600000, size: 3898 MB, Compressed Oops mode: Zero based, Oop shift amount: 3

CDS archive(s) mapped at: [0x0000000000000000-0x0000000000000000-0x0000000000000000), size 0, SharedBaseAddress: 0x0000000800000000, ArchiveRelocationMode: 0.
Narrow klass base: 0x0000000000000000, Narrow klass shift: 0, Narrow klass range: 0x0

GC Precious Log:
<Empty>

Heap:
 garbage-first heap   total 0K, used 0K [0x000000070c600000, 0x0000000800000000)
  region size 2048K, 0 young (0K), 0 survivors (0K)

[error occurred during error reporting (printing heap information), id 0xc0000005, EXCEPTION_ACCESS_VIOLATION (0xc0000005) at pc=0x00007ffb764800b9]

GC Heap History (0 events):
No events

Deoptimization events (0 events):
No events

Classes unloaded (0 events):
No events

Classes redefined (0 events):
No events

Internal exceptions (0 events):
No events

VM Operations (0 events):
No events

Events (1 events):
Event: 0.013 Loaded shared library C:\Program Files\Java\jdk-17\bin\java.dll


Dynamic libraries:
0x00007ff7da580000 - 0x00007ff7da590000 	C:\Program Files\Java\jdk-17\bin\java.exe
0x00007ffbe9900000 - 0x00007ffbe9b68000 	C:\WINDOWS\SYSTEM32\ntdll.dll
0x00007ffbe8210000 - 0x00007ffbe82d9000 	C:\WINDOWS\System32\KERNEL32.DLL
0x00007ffbe6a50000 - 0x00007ffbe6e48000 	C:\WINDOWS\System32\KERNELBASE.dll
0x00007ffbe71a0000 - 0x00007ffbe72eb000 	C:\WINDOWS\System32\ucrtbase.dll
0x00007ffbe34c0000 - 0x00007ffbe34d9000 	C:\Program Files\Java\jdk-17\bin\jli.dll
0x00007ffbe34a0000 - 0x00007ffbe34bb000 	C:\Program Files\Java\jdk-17\bin\VCRUNTIME140.dll
0x00007ffbe85c0000 - 0x00007ffbe8674000 	C:\WINDOWS\System32\ADVAPI32.dll
0x00007ffbe82f0000 - 0x00007ffbe8399000 	C:\WINDOWS\System32\msvcrt.dll
0x00007ffbe7ef0000 - 0x00007ffbe7f96000 	C:\WINDOWS\System32\sechost.dll
0x00007ffbe7b20000 - 0x00007ffbe7c38000 	C:\WINDOWS\System32\RPCRT4.dll
0x00007ffbe89b0000 - 0x00007ffbe8b77000 	C:\WINDOWS\System32\USER32.dll
0x00007ffbe72f0000 - 0x00007ffbe7317000 	C:\WINDOWS\System32\win32u.dll
0x00007ffbd3180000 - 0x00007ffbd3414000 	C:\WINDOWS\WinSxS\amd64_microsoft.windows.common-controls_6595b64144ccf1df_6.0.26100.7019_none_3e06ffa0e335b8a8\COMCTL32.dll
0x00007ffbe9080000 - 0x00007ffbe90ab000 	C:\WINDOWS\System32\GDI32.dll
0x00007ffbe6f00000 - 0x00007ffbe702c000 	C:\WINDOWS\System32\gdi32full.dll
0x00007ffbe6e50000 - 0x00007ffbe6ef3000 	C:\WINDOWS\System32\msvcp_win.dll
0x00007ffbdf730000 - 0x00007ffbdf73b000 	C:\WINDOWS\SYSTEM32\VERSION.dll
0x00007ffbe7eb0000 - 0x00007ffbe7ee1000 	C:\WINDOWS\System32\IMM32.DLL
0x00007ffbe3490000 - 0x00007ffbe349c000 	C:\Program Files\Java\jdk-17\bin\vcruntime140_1.dll
0x00007ffbc9f40000 - 0x00007ffbc9fce000 	C:\Program Files\Java\jdk-17\bin\msvcp140.dll
0x00007ffb75db0000 - 0x00007ffb7698d000 	C:\Program Files\Java\jdk-17\bin\server\jvm.dll
0x00007ffbe8760000 - 0x00007ffbe8768000 	C:\WINDOWS\System32\PSAPI.DLL
0x00007ffbde1a0000 - 0x00007ffbde1d5000 	C:\WINDOWS\SYSTEM32\WINMM.dll
0x00007ffbe3480000 - 0x00007ffbe348a000 	C:\WINDOWS\SYSTEM32\WSOCK32.dll
0x00007ffbe8830000 - 0x00007ffbe88a4000 	C:\WINDOWS\System32\WS2_32.dll
0x00007ffbe57d0000 - 0x00007ffbe57eb000 	C:\WINDOWS\SYSTEM32\kernel.appcore.dll
0x00007ffbe0cb0000 - 0x00007ffbe0cba000 	C:\Program Files\Java\jdk-17\bin\jimage.dll
0x00007ffbe43f0000 - 0x00007ffbe4632000 	C:\WINDOWS\SYSTEM32\DBGHELP.DLL
0x00007ffbe7790000 - 0x00007ffbe7b1b000 	C:\WINDOWS\System32\combase.dll
0x00007ffbe8680000 - 0x00007ffbe8757000 	C:\WINDOWS\System32\OLEAUT32.dll
0x00007ffbd0910000 - 0x00007ffbd094c000 	C:\WINDOWS\SYSTEM32\dbgcore.DLL
0x00007ffbe7320000 - 0x00007ffbe73c5000 	C:\WINDOWS\System32\bcryptPrimitives.dll
0x00007ffbd6a70000 - 0x00007ffbd6a95000 	C:\Program Files\Java\jdk-17\bin\java.dll

dbghelp: loaded successfully - version: 4.0.5 - missing functions: none
symbol engine: initialized successfully - sym options: 0x614 - pdb path: .;C:\Program Files\Java\jdk-17\bin;C:\WINDOWS\SYSTEM32;C:\WINDOWS\WinSxS\amd64_microsoft.windows.common-controls_6595b64144ccf1df_6.0.26100.7019_none_3e06ffa0e335b8a8;C:\Program Files\Java\jdk-17\bin\server

VM Arguments:
jvm_args: -XX:TieredStopAtLevel=1 
java_command: com.social.marketing.SocialMarketingApplication
java_class_path (initial): D:\Internal\social-marketing\target\classes;C:\Users\t14 7\.m2\repository\org\springframework\boot\spring-boot\3.4.0\spring-boot-3.4.0.jar;C:\Users\t14 7\.m2\repository\org\springframework\boot\spring-boot-autoconfigure\3.4.0\spring-boot-autoconfigure-3.4.0.jar;C:\Users\t14 7\.m2\repository\ch\qos\logback\logback-classic\1.5.12\logback-classic-1.5.12.jar;C:\Users\t14 7\.m2\repository\ch\qos\logback\logback-core\1.5.12\logback-core-1.5.12.jar;C:\Users\t14 7\.m2\repository\org\apache\logging\log4j\log4j-to-slf4j\2.24.1\log4j-to-slf4j-2.24.1.jar;C:\Users\t14 7\.m2\repository\org\apache\logging\log4j\log4j-api\2.24.1\log4j-api-2.24.1.jar;C:\Users\t14 7\.m2\repository\org\slf4j\jul-to-slf4j\2.0.16\jul-to-slf4j-2.0.16.jar;C:\Users\t14 7\.m2\repository\jakarta\annotation\jakarta.annotation-api\2.1.1\jakarta.annotation-api-2.1.1.jar;C:\Users\t14 7\.m2\repository\org\springframework\spring-core\6.2.0\spring-core-6.2.0.jar;C:\Users\t14 7\.m2\repository\org\springframework\spring-jcl\6.2.0\spring-jcl-6.2.0.jar;C:\Users\t14 7\.m2\repository\org\yaml\snakeyaml\2.3\snakeyaml-2.3.jar;C:\Users\t14 7\.m2\repository\com\zaxxer\HikariCP\5.1.0\HikariCP-5.1.0.jar;C:\Users\t14 7\.m2\repository\org\springframework\spring-jdbc\6.2.0\spring-jdbc-6.2.0.jar;C:\Users\t14 7\.m2\repository\org\hibernate\orm\hibernate-core\6.6.2.Final\hibernate-core-6.6.2.Final.jar;C:\Users\t14 7\.m2\repository\jakarta\persistence\jakarta.persistence-api\3.1.0\jakarta.persistence-api-3.1.0.jar;C:\Users\t14 7\.m2\repository\jakarta\transaction\jakarta.transaction-api\2.0.1\jakarta.transaction-api-2.0.1.jar;C:\Users\t14 7\.m2\repository\org\jboss\logging\jboss-logging\3.6.1.Final\jboss-logging-3.6.1.Final.jar;C:\Users\t14 7\.m2\repository\org\hibernate\common\hibernate-commons-annotations\7.0.3.Final\hibernate-commons-annotations-7.0.3.Final.jar;C:\Users\t14 7\.m2\repository\io\smallrye\jandex\3.2.0\jandex-3.2.0.jar;C:\Users\t14 7\.m2\repository\com\fasterxml\classmate\1.7.0\classmate-1
Launcher Type: SUN_STANDARD

[Global flags]
     intx CICompilerCount                          = 4                                         {product} {ergonomic}
     uint ConcGCThreads                            = 3                                         {product} {ergonomic}
     uint G1ConcRefinementThreads                  = 10                                        {product} {ergonomic}
   size_t G1HeapRegionSize                         = 2097152                                   {product} {ergonomic}
    uintx GCDrainStackTargetSize                   = 64                                        {product} {ergonomic}
   size_t InitialHeapSize                          = 255852544                                 {product} {ergonomic}
   size_t MarkStackSize                            = 4194304                                   {product} {ergonomic}
   size_t MaxHeapSize                              = 4087349248                                {product} {ergonomic}
   size_t MinHeapDeltaBytes                        = 2097152                                   {product} {ergonomic}
   size_t MinHeapSize                              = 8388608                                   {product} {ergonomic}
    uintx NonProfiledCodeHeapSize                  = 0                                      {pd product} {ergonomic}
     bool ProfileInterpreter                       = false                                  {pd product} {command line}
    uintx ProfiledCodeHeapSize                     = 0                                      {pd product} {ergonomic}
   size_t SoftMaxHeapSize                          = 4087349248                             {manageable} {ergonomic}
     intx TieredStopAtLevel                        = 1                                         {product} {command line}
     bool UseCompressedClassPointers               = true                           {product lp64_product} {ergonomic}
     bool UseCompressedOops                        = true                           {product lp64_product} {ergonomic}
     bool UseG1GC                                  = true                                      {product} {ergonomic}
     bool UseLargePagesIndividualAllocation        = false                                  {pd product} {ergonomic}

Logging:
Log output configuration:
 #0: stdout all=warning uptime,level,tags
 #1: stderr all=off uptime,level,tags

Environment Variables:
JAVA_HOME=C:\Program Files\Java\jdk-17
PATH=C:\Program Files\Python310\Scripts\;C:\Program Files\Python310\;c:\Users\t14 7\AppData\Local\Programs\cursor\resources\app\bin;C:\Program Files\Java\jdk-17\bin;C:\Program Files (x86)\Common Files\Oracle\Java\javapath;C:\Program Files\Common Files\Oracle\Java\javapath;C:\WINDOWS\system32;C:\WINDOWS;C:\WINDOWS\System32\Wbem;C:\WINDOWS\System32\WindowsPowerShell\v1.0\;C:\WINDOWS\System32\OpenSSH\;C:\apache-ant-1.10.12\bin;C:\Program Files\dotnet\;C:\apache-maven-3.9.0\bin;C:\Program Files\Git\cmd;C:\Program Files\MySQL\MySQL Shell 8.0\bin\;C:\Users\t14 7\AppData\Local\Microsoft\WindowsApps;C:\Program Files\JetBrains\IntelliJ IDEA 2023.3.2\bin;;C:\Users\t14 7\AppData\Roaming\npm;C:\Users\t14 7\AppData\Local\GitHubDesktop\bin;C:\WINDOWS\system32;C:\WINDOWS;C:\WINDOWS\System32\Wbem;C:\WINDOWS\System32\WindowsPowerShell\v1.0\;C:\WINDOWS\System32\OpenSSH\;C:\Program Files\nodejs\;C:\Program Files\Amazon\AWSCLIV2\;C:\Program Files\Docker\Docker\resources\bin;C:\Users\t14 7\AppData\Local\Microsoft\WindowsApps;C:\Program Files\JetBrains\IntelliJ IDEA 2023.3.2\bin;;C:\Users\t14 7\AppData\Local\Programs\Microsoft VS Code\bin;C:\Users\t14 7\AppData\Local\GitHubDesktop\bin;C:\Users\t14 7\AppData\Roaming\npm;C:\Program Files\OpenSSL-Win64\bin;C:\Program Files\JetBrains\DataGrip 2025.2.4\bin;C:\Users\t14 7\AppData\Local\Programs\Antigravity\bin;c:\Users\t14 7\.antigravity\extensions\vscjava.vscode-java-debug-0.58.3-universal\bundled\scripts\noConfigScripts
USERNAME=t14 7
LANG=en_US.UTF-8
OS=Windows_NT
PROCESSOR_IDENTIFIER=AMD64 Family 23 Model 96 Stepping 1, AuthenticAMD



---------------  S Y S T E M  ---------------

OS:
 Windows 11 , 64 bit Build 26100 (10.0.26100.7019)
OS uptime: 13 days 6:40 hours
Hyper-V role detected

CPU: total 12 (initial active 12) (12 cores per cpu, 2 threads per core) family 23 model 96 stepping 1 microcode 0x8600109, cx8, cmov, fxsr, ht, mmx, 3dnowpref, sse, sse2, sse3, ssse3, sse4a, sse4.1, sse4.2, popcnt, lzcnt, tsc, tscinvbit, avx, avx2, aes, clmul, bmi1, bmi2, adx, sha, fma, vzeroupper, clflush, clflushopt, hv

Memory: 4k page, system-wide physical 15591M (3188M free)
TotalPageFile size 44457M (AvailPageFile size 6M)
current process WorkingSet (physical memory assigned to process): 12M, peak: 12M
current process commit charge ("private bytes"): 304M, peak: 308M

vm_info: Java HotSpot(TM) 64-Bit Server VM (17.0.7+8-LTS-224) for windows-amd64 JRE (17.0.7+8-LTS-224), built on Feb 28 2023 23:03:02 by "mach5one" with MS VC++ 17.1 (VS2022)

END.
